error: [Prusti: verification error] postcondition might not hold.
 --> $DIR/failing-postcondition.rs:8:12
  |
8 | #[ensures="something_true() && false"]
  |            ^^^^^^^^^^^^^^^^    ^^^^^
  |
note: the error originates here
 --> $DIR/failing-postcondition.rs:9:1
  |
9 | fn client(a: u32) {}
  | ^^^^^^^^^^^^^^^^^^^^

error: aborting due to previous error

