#[prelude_import]
use std::prelude::v1::*;
#[macro_use]
extern crate std;
// compile-flags: -Zprint-desugared-specs

fn main() { }
HIR Item: 
  Not a function
HIR Item: std
  Not a function
HIR Item: main
  Return type is unit: true
