warning: `prusti_contracts_internal` crate not found
  |
  = note: Maybe `use prusti_contracts::*` is missing?

warning: 1 warning emitted

