// compile-flags: -Zprint-desugared-specs -Zskip-verify -Zhide-uuids

#![feature(register_tool)]
#![register_tool(prusti)]
#[prelude_import]
use std::prelude::v1::*;
#[macro_use]
extern crate std;
fn main() { }
