Verification of 2 items...
Successful verification of 2 items
