Verification of 1 items...
Successful verification of 1 items
