error: the `#[pure]` attribute does not take parameters
 --> $DIR/no-attr-params.rs:8:8
  |
8 | #[pure(dont write things here)]
  |        ^^^^^^^^^^^^^^^^^^^^^^

error: the `#[trusted]` attribute does not take parameters
  --> $DIR/no-attr-params.rs:13:11
   |
13 | #[trusted(dont write things here)]
   |           ^^^^^^^^^^^^^^^^^^^^^^

error: `predicate!` can only be used on function definitions. it supports no attributes.
  --> $DIR/no-attr-params.rs:17:5
   |
17 |     #[dont_put_anything_here]
   |     ^

error: aborting due to 3 previous errors

