error: [Prusti: verification error] the asserted expression might not hold
  --> $DIR/pledges.rs:33:5
   |
33 |     assert!(a.f == 6);
   |     ^^^^^^^^^^^^^^^^^^
   |
   = note: this error originates in a macro (in Nightly builds, run with -Z macro-backtrace for more info)

error: aborting due to previous error

