  __          __        __  ___             
 |__)  _\/_  |__) |  | /__`  |   ____\/_  |  Hash:  d2468076565ff4889d6
 |      /\   |  \ \__/ .__/  |       /\   |  Build: 2019-09-16 07:03:12

Verification of 3 items...
thread 'main' panicked at 'not yet implemented: ExprBlock(Block { stmts: [], expr: Some(expr(211: x + 2)), id: NodeId(208), hir_id: HirId { owner: DefIndex(0:20), local_id: ItemLocalId(14) }, rules: DefaultBlock, span: $DIR/lint.rs:29:52: 29:57, targeted_by_break: false, recovered: false }, None)', prusti-viper/src/encoder/spec_encoder.rs:327:22
note: Run with `RUST_BACKTRACE=1` for a backtrace.

error: internal compiler error: unexpected panic

note: the compiler or Prusti unexpectedly panicked.

note: possible reasons include the usage of Rust features that are not supported by Prusti.

note: we would appreciate a bug report for Prusti: <https://github.com/viperproject/prusti-dev/issues>

note: Prusti hash d2468076565ff4889d6 built on 2019-09-16 07:03:12

note: rustc <unknown> running on x86_64-unknown-linux-gnu

